[debug] [2025-12-08T19:07:33.879Z] ----------------------------------------------------------------------
[debug] [2025-12-08T19:07:33.881Z] Command:       /opt/homebrew/Cellar/node/24.9.0/bin/node /opt/homebrew/bin/firebase apps:sdkconfig WEB --project estados-de-cuenta-bd1e5
[debug] [2025-12-08T19:07:33.881Z] CLI Version:   14.20.0
[debug] [2025-12-08T19:07:33.881Z] Platform:      darwin
[debug] [2025-12-08T19:07:33.881Z] Node Version:  v24.9.0
[debug] [2025-12-08T19:07:33.881Z] Time:          Mon Dec 08 2025 12:07:33 GMT-0700 (hora estándar del Pacífico de México)
[debug] [2025-12-08T19:07:33.881Z] ----------------------------------------------------------------------
[debug] 
[debug] [2025-12-08T19:07:33.882Z] >>> [apiv2][query] GET https://firebase-public.firebaseio.com/cli.json [none]
[debug] [2025-12-08T19:07:33.978Z] > command requires scopes: ["email","openid","https://www.googleapis.com/auth/cloudplatformprojects.readonly","https://www.googleapis.com/auth/firebase","https://www.googleapis.com/auth/cloud-platform"]
[debug] [2025-12-08T19:07:33.978Z] > authorizing via signed-in user (gustavo@global3g.com)
[debug] [2025-12-08T19:07:33.978Z] Checked if tokens are valid: false, expires at: 1764117467024
[debug] [2025-12-08T19:07:33.978Z] Checked if tokens are valid: false, expires at: 1764117467024
[debug] [2025-12-08T19:07:33.978Z] > refreshing access token with scopes: []
[debug] [2025-12-08T19:07:33.979Z] >>> [apiv2][query] POST https://www.googleapis.com/oauth2/v3/token [none]
[debug] [2025-12-08T19:07:33.979Z] >>> [apiv2][body] POST https://www.googleapis.com/oauth2/v3/token [omitted]
[debug] [2025-12-08T19:07:34.147Z] <<< [apiv2][status] GET https://firebase-public.firebaseio.com/cli.json 200
[debug] [2025-12-08T19:07:34.147Z] <<< [apiv2][body] GET https://firebase-public.firebaseio.com/cli.json {"cloudBuildErrorAfter":1594252800000,"cloudBuildWarnAfter":1590019200000,"defaultNode10After":1594252800000,"minVersion":"3.0.5","node8DeploysDisabledAfter":1613390400000,"node8RuntimeDisabledAfter":1615809600000,"node8WarnAfter":1600128000000}
[debug] [2025-12-08T19:07:34.179Z] <<< [apiv2][status] POST https://www.googleapis.com/oauth2/v3/token 400
[debug] [2025-12-08T19:07:34.179Z] <<< [apiv2][body] POST https://www.googleapis.com/oauth2/v3/token [omitted]
[error] Authentication Error: Your credentials are no longer valid. Please run firebase login --reauth

For CI servers and headless environments, generate a new token with firebase login:ci
[error] Authentication Error: Your credentials are no longer valid. Please run firebase login --reauth

For CI servers and headless environments, generate a new token with firebase login:ci
[debug] [2025-12-08T19:07:34.179Z] Authentication Error: Your credentials are no longer valid. Please run firebase login --reauth

For CI servers and headless environments, generate a new token with firebase login:ci
[debug] [2025-12-08T19:07:34.352Z] FirebaseError: Authentication Error: Your credentials are no longer valid. Please run firebase login --reauth

For CI servers and headless environments, generate a new token with firebase login:ci
    at invalidCredentialError (/opt/homebrew/lib/node_modules/firebase-tools/lib/auth.js:167:12)
    at refreshTokens (/opt/homebrew/lib/node_modules/firebase-tools/lib/auth.js:591:15)
    at process.processTicksAndRejections (node:internal/process/task_queues:105:5)
    at async getAccessToken (/opt/homebrew/lib/node_modules/firebase-tools/lib/apiv2.js:42:18)
    at async Client.addAuthHeader (/opt/homebrew/lib/node_modules/firebase-tools/lib/apiv2.js:169:21)
    at async Client.request (/opt/homebrew/lib/node_modules/firebase-tools/lib/apiv2.js:120:34)
    at async listFirebaseApps (/opt/homebrew/lib/node_modules/firebase-tools/lib/management/apps.js:354:30)
    at async Command.actionFn (/opt/homebrew/lib/node_modules/firebase-tools/lib/commands/apps-sdkconfig.js:51:22)
[error] 
[error] Error: Failed to list Firebase WEB apps. See firebase-debug.log for more info.
